// Jest Snapshot v1, https://goo.gl/fbAQLP

exports[`App component test 1`] = `
Array [
  <nav
    className="navbar navbar-expand-lg navbar-light bg-light"
  >
    <div
      className="container-fluid"
    >
      <a
        className="navbar-brand"
        href="#"
      >
        Navbar scroll
      </a>
      <div
        className="icons-con"
      >
        <i
          aria-hidden="true"
          className="fa fa-microphone"
        />
        <i
          aria-hidden="true"
          className="fa fa-cog"
        />
      </div>
      <button
        aria-controls="navbarScroll"
        aria-label="Toggle navigation"
        className="navbar-toggler collapsed"
        onClick={[Function]}
        type="button"
      >
        <span
          className="navbar-toggler-icon"
        />
      </button>
      <div
        aria-expanded={null}
        className="navbar-collapse collapse"
        id="navbarScroll"
      >
        <div
          className="me-auto my-2 my-lg-0 navbar-nav navbar-nav-scroll"
          onKeyDown={[Function]}
          style={
            Object {
              "maxHeight": "100px",
            }
          }
        >
          <a
            className="nav-link"
            data-rr-ui-event-key="/"
            disabled={false}
            href="/"
            onClick={[Function]}
          >
            Home
          </a>
        </div>
        <form
          className="d-flex"
        >
          <input
            aria-label="Search"
            className="me-2 form-control"
            onChange={[Function]}
            placeholder="Search"
            type="search"
          />
          <button
            className="btn btn-outline-success"
            disabled={false}
            onClick={[Function]}
            type="button"
          >
            Search
          </button>
        </form>
      </div>
    </div>
  </nav>,
  <div
    className="home-wrapper container"
  >
    <div
      className="banner"
    >
      <h2>
        Covid Tracker
      </h2>
      <p>
        Over 200views
      </p>
    </div>
    <div
      className="grid-container justify-content-center"
    />
  </div>,
]
`;
